// Jest Snapshot v1, https://goo.gl/fbAQLP

exports[`Testing @screens/Login \`Login\` screen renders correctly 1`] = `
<RNCSafeAreaView
  edges={
    Array [
      "top",
      "bottom",
    ]
  }
  style={
    Array [
      Object {
        "flex": 1,
      },
      Object {
        "backgroundColor": "white",
        "paddingHorizontal": 0,
      },
    ]
  }
>
  <View
    onLayout={[Function]}
    style={
      Array [
        Object {
          "flex": 1,
        },
        Object {
          "overflow": "hidden",
        },
      ]
    }
  >
    <View
      style={
        Array [
          Object {
            "flex": 1,
          },
          Object {
            "bottom": 0,
          },
        ]
      }
    >
      <RCTScrollView
        bounces={false}
        contentContainerStyle={
          Object {
            "flexGrow": 1,
            "justifyContent": "space-between",
            "paddingHorizontal": 36,
          }
        }
        keyboardShouldPersistTaps="handled"
      >
        <View>
          <View
            style={
              Object {
                "flex": 1,
              }
            }
          />
          <View
            style={
              Object {
                "flex": 1,
                "justifyContent": "center",
              }
            }
          >
            <Text
              style={
                Array [
                  Object {
                    "alignSelf": "center",
                    "marginBottom": 36,
                  },
                  Object {
                    "color": "#2B2D42",
                    "fontSize": 50.72463768115942,
                    "letterSpacing": 0.6702898550724637,
                    "lineHeight": 61.594202898550726,
                  },
                ]
              }
            >
              Login
            </Text>
            <View
              style={
                Object {
                  "paddingHorizontal": 36,
                }
              }
            >
              <View
                style={
                  Object {
                    "marginBottom": 29,
                  }
                }
              >
                <View>
                  <Text
                    style={
                      Array [
                        Object {
                          "color": "#2B2D42",
                          "fontSize": 28.985507246376812,
                          "letterSpacing": -0.5797101449275363,
                          "lineHeight": 38.04347826086956,
                          "textTransform": "capitalize",
                        },
                        Object {
                          "marginBottom": 14.5,
                        },
                        undefined,
                      ]
                    }
                  >
                    username
                  </Text>
                  <View
                    style={
                      Array [
                        Object {
                          "alignItems": "center",
                          "backgroundColor": "#ffffff",
                          "borderRadius": 25.5,
                          "elevation": 3,
                          "flexDirection": "row",
                          "height": 116,
                          "justifyContent": "space-between",
                          "paddingLeft": 31,
                          "paddingRight": 30,
                          "shadowColor": "#8D99AE",
                          "shadowOffset": Object {
                            "height": 0,
                            "width": 0,
                          },
                          "shadowOpacity": 0.15,
                          "shadowRadius": 18,
                          "width": "100%",
                        },
                        undefined,
                      ]
                    }
                  >
                    <TextInput
                      accessibilityLabel="username input"
                      allowFontScaling={true}
                      autoCapitalize="none"
                      onBlur={[Function]}
                      onChangeText={[Function]}
                      rejectResponderTermination={true}
                      style={
                        Array [
                          Object {
                            "flex": 1,
                          },
                          undefined,
                        ]
                      }
                      underlineColorAndroid="transparent"
                      value=""
                    />
                  </View>
                </View>
              </View>
              <View>
                <View>
                  <Text
                    style={
                      Array [
                        Object {
                          "color": "#2B2D42",
                          "fontSize": 28.985507246376812,
                          "letterSpacing": -0.5797101449275363,
                          "lineHeight": 38.04347826086956,
                          "textTransform": "capitalize",
                        },
                        Object {
                          "marginBottom": 14.5,
                        },
                        undefined,
                      ]
                    }
                  >
                    password
                  </Text>
                  <View
                    style={
                      Array [
                        Object {
                          "alignItems": "center",
                          "backgroundColor": "#ffffff",
                          "borderRadius": 25.5,
                          "elevation": 3,
                          "flexDirection": "row",
                          "height": 116,
                          "justifyContent": "space-between",
                          "paddingLeft": 31,
                          "paddingRight": 30,
                          "shadowColor": "#8D99AE",
                          "shadowOffset": Object {
                            "height": 0,
                            "width": 0,
                          },
                          "shadowOpacity": 0.15,
                          "shadowRadius": 18,
                          "width": "100%",
                        },
                        undefined,
                      ]
                    }
                  >
                    <TextInput
                      accessibilityLabel="password input"
                      allowFontScaling={true}
                      autoCapitalize="none"
                      onBlur={[Function]}
                      onChangeText={[Function]}
                      rejectResponderTermination={true}
                      style={
                        Array [
                          Object {
                            "flex": 1,
                          },
                          undefined,
                        ]
                      }
                      underlineColorAndroid="transparent"
                      value=""
                    />
                  </View>
                </View>
              </View>
              <View
                accessible={true}
                collapsable={false}
                focusable={true}
                onBlur={[Function]}
                onClick={[Function]}
                onFocus={[Function]}
                onResponderGrant={[Function]}
                onResponderMove={[Function]}
                onResponderRelease={[Function]}
                onResponderTerminate={[Function]}
                onResponderTerminationRequest={[Function]}
                onStartShouldSetResponder={[Function]}
                style={
                  Object {
                    "alignItems": "center",
                    "backgroundColor": "#34C759",
                    "borderRadius": 25.5,
                    "height": 108.5,
                    "justifyContent": "center",
                    "marginTop": 54.5,
                  }
                }
              >
                <Text
                  style={
                    Array [
                      Object {
                        "color": "#2B2D42",
                        "fontSize": 36.231884057971016,
                        "letterSpacing": 0.6884057971014492,
                        "lineHeight": 45.289855072463766,
                      },
                      Object {
                        "color": "#ffffff",
                      },
                    ]
                  }
                >
                  Log In
                </Text>
              </View>
            </View>
          </View>
          <View
            style={
              Object {
                "alignItems": "center",
              }
            }
          >
            <View
              accessible={true}
              collapsable={false}
              focusable={true}
              onBlur={[Function]}
              onClick={[Function]}
              onFocus={[Function]}
              onResponderGrant={[Function]}
              onResponderMove={[Function]}
              onResponderRelease={[Function]}
              onResponderTerminate={[Function]}
              onResponderTerminationRequest={[Function]}
              onStartShouldSetResponder={[Function]}
              style={
                Object {
                  "paddingBottom": 36,
                }
              }
            >
              <Text
                style={
                  Array [
                    Object {
                      "color": "#2B2D42",
                      "fontSize": 27.17391304347826,
                      "fontWeight": "600",
                      "letterSpacing": -0.43478260869565216,
                      "lineHeight": 36.231884057971016,
                    },
                    Object {
                      "color": "#4A80F0",
                    },
                  ]
                }
              >
                Sign Up
              </Text>
            </View>
            <View
              accessible={true}
              collapsable={false}
              focusable={true}
              onBlur={[Function]}
              onClick={[Function]}
              onFocus={[Function]}
              onResponderGrant={[Function]}
              onResponderMove={[Function]}
              onResponderRelease={[Function]}
              onResponderTerminate={[Function]}
              onResponderTerminationRequest={[Function]}
              onStartShouldSetResponder={[Function]}
              style={
                Object {
                  "paddingBottom": 36,
                }
              }
            >
              <Text
                style={
                  Object {
                    "color": "#2B2D42",
                    "fontSize": 27.17391304347826,
                    "letterSpacing": -0.43478260869565216,
                    "lineHeight": 36.231884057971016,
                  }
                }
              >
                Forgot password ?
              </Text>
            </View>
          </View>
        </View>
      </RCTScrollView>
    </View>
  </View>
</RNCSafeAreaView>
`;
